[easybreath.com.ua/index.html]
[backblue.gif]
[fade.gif]
[index.html]
[u0.filesonload.ru/a9d7e97e1a2e580ffaaa5f81619c8ac1/3ee11dd30151dffad02811b6271e73c6.png]
[s.filesonload.ru/assets/3.3/vendors.css]
[s.filesonload.ru/assets/3.3/plp.css]
[s.filesonload.ru/assets/3.3/nodes.css]
[s.filesonload.ru/assets/3.3/swiper.css]
[u6.filesonload.ru/a9d7e97e1a2e580ffaaa5f81619c8ac1/49f7943558bbdc6a4a54fbaef9f4c310.png]
[u6.filesonload.ru/a9d7e97e1a2e580ffaaa5f81619c8ac1/78ce4ac0d56ea21d9495a192a84a7858.png]
[u0.filesonload.ru/a9d7e97e1a2e580ffaaa5f81619c8ac1/d7c5930616d1d2ab8be6f853cad85133.png]
[s.filesonload.ru/img/icons-simple-solid/213--black.png]
[s.filesonload.ru/img/icons-simple-solid/227--black.png]
[s.filesonload.ru/img/icons-simple-solid/48--black.png]
[s.filesonload.ru/img/icons-simple-solid/53--black.png]
[s.filesonload.ru/img/icons-simple-solid/79--black.png]
[u6.filesonload.ru/a9d7e97e1a2e580ffaaa5f81619c8ac1/b95cd4b04a00c6fc0e125c288ad82832.jpg]
[u6.filesonload.ru/a9d7e97e1a2e580ffaaa5f81619c8ac1/dd0a41054751b4d7860f3f5a9cad2111.jpg]
[u6.filesonload.ru/a9d7e97e1a2e580ffaaa5f81619c8ac1/22f003a6fd4305a49c41df0d57ade114.jpg]
[u6.filesonload.ru/a9d7e97e1a2e580ffaaa5f81619c8ac1/aed39953c017aaa7b20c3978f155c021.jpg]
[u6.filesonload.ru/a9d7e97e1a2e580ffaaa5f81619c8ac1/aa991f7e5f0810ef67281c78f06c4348.jpg]
[u6.filesonload.ru/a9d7e97e1a2e580ffaaa5f81619c8ac1/3a0dc690dc25b9a88efae54c92425a94.jpg]
[u10.filesonload.ru/a9d7e97e1a2e580ffaaa5f81619c8ac1/bcaa4a99bc4260691dfdf1a0315def61.jpg]
[u6.filesonload.ru/a9d7e97e1a2e580ffaaa5f81619c8ac1/19e00ab6f101610e24d5bcc7c5fea267.jpg]
[u8.filesonload.ru/a9d7e97e1a2e580ffaaa5f81619c8ac1/4216451f448c6ca34c2d6b5a8f919b9a.png]
[u6.filesonload.ru/a9d7e97e1a2e580ffaaa5f81619c8ac1/51b1b4b938005f9fe55e53ea93f92c53.jpg]
[u6.filesonload.ru/a9d7e97e1a2e580ffaaa5f81619c8ac1/7e9f6abfa7b4538ef373c47fb9bad0ee.jpg]
[u6.filesonload.ru/a9d7e97e1a2e580ffaaa5f81619c8ac1/7fcb82a49288c69126943fa3d12a0a73.jpg]
[u6.filesonload.ru/a9d7e97e1a2e580ffaaa5f81619c8ac1/f05dfba1532a99beae697e49c6dfc812.jpg]
[u6.filesonload.ru/a9d7e97e1a2e580ffaaa5f81619c8ac1/8a9ec03a36f4491a6eeff5420f18ce7a.jpg]
[u6.filesonload.ru/a9d7e97e1a2e580ffaaa5f81619c8ac1/60bd01de36fb874cf3525825c2ae524c.jpg]
[u6.filesonload.ru/a9d7e97e1a2e580ffaaa5f81619c8ac1/b48a62d3dacccee07d9f9aecfff569b8.jpg]
[u6.filesonload.ru/a9d7e97e1a2e580ffaaa5f81619c8ac1/6b48293484e9c981560417becc851a2a.jpg]
[u8.filesonload.ru/a9d7e97e1a2e580ffaaa5f81619c8ac1/eca3e0679f3c58b5fb7551e2cc1f6d09.jpg]
[u8.filesonload.ru/a9d7e97e1a2e580ffaaa5f81619c8ac1/6532322936e5bc9c3d387289d2f1273a.jpg]
[u8.filesonload.ru/a9d7e97e1a2e580ffaaa5f81619c8ac1/4e6fb343dd5822dc45a0a895259eefad.png]
[u8.filesonload.ru/a9d7e97e1a2e580ffaaa5f81619c8ac1/5305c0fedef61e37e45f9ff4c329c854.png]
[u8.filesonload.ru/a9d7e97e1a2e580ffaaa5f81619c8ac1/8f8e6444a073b5a4a9253c8920738823.png]
[u8.filesonload.ru/a9d7e97e1a2e580ffaaa5f81619c8ac1/31b92e72cd75155ff969b2da7a960415.png]
[u6.filesonload.ru/a9d7e97e1a2e580ffaaa5f81619c8ac1/74c5b3326a316b441cae39933469fe2c.jpg]
[u8.filesonload.ru/a9d7e97e1a2e580ffaaa5f81619c8ac1/b0f7e0aa39a66e23378f67cba8c5ea23.png]
[u8.filesonload.ru/a9d7e97e1a2e580ffaaa5f81619c8ac1/dc3f90987b2f94f18367d6eaa4c4efa5.jpg]
[u8.filesonload.ru/a9d7e97e1a2e580ffaaa5f81619c8ac1/2c2b53f71b717133b8b8324376e93fcd.jpg]
[u8.filesonload.ru/a9d7e97e1a2e580ffaaa5f81619c8ac1/263b80ac43137ac85f5f6b5fcbb2e36e.jpg]
[u8.filesonload.ru/a9d7e97e1a2e580ffaaa5f81619c8ac1/a6ca522bcd4d9aefcc5fe27580d98713.png]
[u8.filesonload.ru/a9d7e97e1a2e580ffaaa5f81619c8ac1/26ca13c7b687b7c026c3c7529850ba9f.png]
[u8.filesonload.ru/a9d7e97e1a2e580ffaaa5f81619c8ac1/701a7e72ffee699d2a56c6d0e64a9335.jpg]
[u8.filesonload.ru/a9d7e97e1a2e580ffaaa5f81619c8ac1/9d6741e6e1c95e608daf1df33c5f1667.jpg]
[u8.filesonload.ru/a9d7e97e1a2e580ffaaa5f81619c8ac1/f0816c18685e602f34d4e4a31299e4c9.jpg]
[u8.filesonload.ru/a9d7e97e1a2e580ffaaa5f81619c8ac1/da5bdf59073e9d66b8922b929c50fed1.jpg]
[u6.filesonload.ru/a9d7e97e1a2e580ffaaa5f81619c8ac1/130f2dc38a3c3cf9a4917f630fcac891.jpg]
[u6.filesonload.ru/a9d7e97e1a2e580ffaaa5f81619c8ac1/736221d91b71fda5a1c8130e23b23cbe.jpg]
[u6.filesonload.ru/a9d7e97e1a2e580ffaaa5f81619c8ac1/37aacb896cc2a766c7f11e1bda072283.jpg]
[u6.filesonload.ru/a9d7e97e1a2e580ffaaa5f81619c8ac1/270aef990ab7bfb50ecbc0d181df4c48.jpg]
[u6.filesonload.ru/a9d7e97e1a2e580ffaaa5f81619c8ac1/19cb34e98bef9237e64cb7dffda1209f.jpg]
[u6.filesonload.ru/a9d7e97e1a2e580ffaaa5f81619c8ac1/d8bc9952db4c7d91cd25a02bee9ff135.jpg]
[u6.filesonload.ru/a9d7e97e1a2e580ffaaa5f81619c8ac1/960e25db78ea5275eb820f544aeb7174.jpg]
[u6.filesonload.ru/a9d7e97e1a2e580ffaaa5f81619c8ac1/c8e8467513cb27e316cbd0e8dc3d9492.jpg]
[u6.filesonload.ru/a9d7e97e1a2e580ffaaa5f81619c8ac1/e7a60eac87ca7b31af2c648eb5ef174a.jpg]
[u8.filesonload.ru/a9d7e97e1a2e580ffaaa5f81619c8ac1/a6665163596424af5fecff415ed88a6d.png]
[u0.filesonload.ru/a9d7e97e1a2e580ffaaa5f81619c8ac1/3f78eeeefb068a1f050c470ff53ded82.jpg]
[u0.filesonload.ru/a9d7e97e1a2e580ffaaa5f81619c8ac1/996ef571676d842e0e39ca9750219f0c.jpg]
[u0.filesonload.ru/a9d7e97e1a2e580ffaaa5f81619c8ac1/98c8a10dd929569fe91b7c079005e238.jpg]
[u6.filesonload.ru/a9d7e97e1a2e580ffaaa5f81619c8ac1/b73ddae483712e8861df26016611d0e8.jpg]
[u6.filesonload.ru/a9d7e97e1a2e580ffaaa5f81619c8ac1/4c496f737b784f868cb57621876062a8.jpg]
[u6.filesonload.ru/a9d7e97e1a2e580ffaaa5f81619c8ac1/5c36b877baed3222d01294e73fc3d753.jpg]
[u6.filesonload.ru/a9d7e97e1a2e580ffaaa5f81619c8ac1/5ac39cec95ae55fbc46abd18787b5095.png]
[u6.filesonload.ru/a9d7e97e1a2e580ffaaa5f81619c8ac1/fa7ac0ba39d5ea3909af24883e4c4ca8.png]
[u6.filesonload.ru/a9d7e97e1a2e580ffaaa5f81619c8ac1/1ec6b0d5994c2dc9cc34c87c1f5c8bb6.png]
[u6.filesonload.ru/a9d7e97e1a2e580ffaaa5f81619c8ac1/164d0be02f19f0945958cd5421ebcfa3.jpg]
[u6.filesonload.ru/a9d7e97e1a2e580ffaaa5f81619c8ac1/794e550b04cefd4197bfb2449c2e92e5.jpg]
[u6.filesonload.ru/a9d7e97e1a2e580ffaaa5f81619c8ac1/8bfe1e862f6ea160594ab571506b287c.jpg]
[u6.filesonload.ru/a9d7e97e1a2e580ffaaa5f81619c8ac1/fe83d345a9a227b1d46e705a05993b3b.jpg]
[u6.filesonload.ru/a9d7e97e1a2e580ffaaa5f81619c8ac1/dd25bd393cf3777af6435fa477bec509.png]
[u6.filesonload.ru/a9d7e97e1a2e580ffaaa5f81619c8ac1/aa3740f1cb6fcbd3cc2a03b3fc2a640f.png]
[u6.filesonload.ru/a9d7e97e1a2e580ffaaa5f81619c8ac1/b013a27267947403c1b933858c8a2770.jpg]
[u6.filesonload.ru/a9d7e97e1a2e580ffaaa5f81619c8ac1/1ba30e669cbcf1435d0cd0fff12c1164.jpg]
[u6.filesonload.ru/a9d7e97e1a2e580ffaaa5f81619c8ac1/6a2aade89a8f9470706c17c5868cdf2e.jpg]
[u6.filesonload.ru/a9d7e97e1a2e580ffaaa5f81619c8ac1/36297cf76365e6cf2192b98eaf722f25.jpg]
[u6.filesonload.ru/a9d7e97e1a2e580ffaaa5f81619c8ac1/d446cc15301843c66836a57dc2185b92.jpg]
[u6.filesonload.ru/a9d7e97e1a2e580ffaaa5f81619c8ac1/6b70aecfca0f9f6fda65c01a95498d43.jpg]
[u6.filesonload.ru/a9d7e97e1a2e580ffaaa5f81619c8ac1/247d5fb92bd3f2192db93bf92d5f3265.jpg]
[u6.filesonload.ru/a9d7e97e1a2e580ffaaa5f81619c8ac1/409a7989a469d326f1c354eae01f2ca1.jpg]
[u6.filesonload.ru/a9d7e97e1a2e580ffaaa5f81619c8ac1/e0cc8ae0017e92079fec26aed011f8a1.jpg]
[u6.filesonload.ru/a9d7e97e1a2e580ffaaa5f81619c8ac1/2297bea986ca83f565174480e687445b.jpg]
[u6.filesonload.ru/a9d7e97e1a2e580ffaaa5f81619c8ac1/5618a79024cc8d9411fd1dd1d40b1eca.jpg]
[u6.filesonload.ru/a9d7e97e1a2e580ffaaa5f81619c8ac1/b6a75a94d826c47f10826e401f777afa.jpg]
[u6.filesonload.ru/a9d7e97e1a2e580ffaaa5f81619c8ac1/ead818e8bdf7f914ff2bd0556a8200b8.jpg]
[u6.filesonload.ru/a9d7e97e1a2e580ffaaa5f81619c8ac1/354e22ce0b87bb843dd8d15f1ac73867.jpg]
[u6.filesonload.ru/a9d7e97e1a2e580ffaaa5f81619c8ac1/86063e0ee1d85d3b1efe0758701b8961.jpg]
[u6.filesonload.ru/a9d7e97e1a2e580ffaaa5f81619c8ac1/870b56561a6121ff31c8e568c9497a90.jpg]
[u6.filesonload.ru/a9d7e97e1a2e580ffaaa5f81619c8ac1/65422449dd83d7c8e3a0df8fee897ae7.jpg]
[u6.filesonload.ru/a9d7e97e1a2e580ffaaa5f81619c8ac1/b02d491ced87a2109947f6ad7879d295.jpg]
[u6.filesonload.ru/a9d7e97e1a2e580ffaaa5f81619c8ac1/a95e2fee7c16e853b262b99c8dde21ae.jpg]
[u6.filesonload.ru/a9d7e97e1a2e580ffaaa5f81619c8ac1/5590c8d0944f7a09839d39db14e2e7a3.jpg]
[u6.filesonload.ru/a9d7e97e1a2e580ffaaa5f81619c8ac1/6044c5cf31229e40d09de98f60649c71.jpg]
[u6.filesonload.ru/a9d7e97e1a2e580ffaaa5f81619c8ac1/40c78a69455f04e08ced8a113a0443ed.jpg]
[u6.filesonload.ru/a9d7e97e1a2e580ffaaa5f81619c8ac1/553f58300bf4188a24ac8b36bdea256c.jpg]
[u6.filesonload.ru/a9d7e97e1a2e580ffaaa5f81619c8ac1/bb5e0f8c957084d5fd0a4469e0508d30.jpg]
[u6.filesonload.ru/a9d7e97e1a2e580ffaaa5f81619c8ac1/ed04f68f67d8c4cc74d4830050b88296.jpg]
[u6.filesonload.ru/a9d7e97e1a2e580ffaaa5f81619c8ac1/c3980a0aa3e1711dd8a33727b9c7c5e0.jpg]
[u6.filesonload.ru/a9d7e97e1a2e580ffaaa5f81619c8ac1/4793cf0ffe76286443c1d01eca08c970.jpg]
[u6.filesonload.ru/a9d7e97e1a2e580ffaaa5f81619c8ac1/e8e91be4e9dc6cff4e5f7a2b8909b616.jpg]
[u6.filesonload.ru/a9d7e97e1a2e580ffaaa5f81619c8ac1/4e6e293a0a85249252ad31d02c9d1744.jpg]
[www.facebook.com/plugins/post6643.html]
[www.facebook.com/plugins/post2f15.html]
[www.facebook.com/plugins/post2bdc.html]
[www.facebook.com/plugins/post85ea.html]
[www.facebook.com/plugins/postfbbb.html]
[www.facebook.com/plugins/post0acf.html]
[www.facebook.com/plugins/post3036.html]
[s.filesonload.ru/assets/3.3/nodes.js]
[s.filesonload.ru/assets/3.3/plp.js]
[www.facebook.com/plugins/post3157.html]
[s.filesonload.ru/assets/3.3/swiper.js]
[www.googleadservices.com/pagead/f.txt]
[easybreath.com.ua/index.html]
[www.googletagmanager.com/nsc80d.html]
[easybreath.com.ua/PUT.html]
[s.filesonload.ru/assets/3.3/vendors.css]
[s.filesonload.ru/assets/3.3/plp.css]
[s.filesonload.ru/assets/3.3/nodes.css]
[s.filesonload.ru/assets/3.3/swiper.css]
[www.googletagmanager.com/gtm5445.html]
[easybreath.com.ua/_data_image/png;base64,iVBORw0KGgoAAAANSUhEUgAAABAAAAAECAYAAACHtL/sAAAAC0lEQVQYlWNgGAUAAQQAASbV+Y4AAAAASUVORK5CYII=_.html]
[easybreath.com.ua/_data_image/png;base64,iVBORw0KGgoAAAANSUhEUgAAABAAAAADCAYAAACasY9UAAAADElEQVQImWNgGPIAAADDAAEwCHgWAAAAAElFTkSuQmCC_.html]
[easybreath.com.ua/_data_image/png;base64,iVBORw0KGgoAAAANSUhEUgAAABAAAAAGCAYAAADKfB7nAAAADUlEQVQYlWNgGAUDDwABhgAB9RtMjAAAAABJRU5ErkJggg==_.html]
[easybreath.com.ua/_data_image/png;base64,iVBORw0KGgoAAAANSUhEUgAAABAAAAAJCAYAAAA7KqwyAAAAD0lEQVQokWNgGAWjgAoAAAJJAAHgPOv0AAAAAElFTkSuQmCC_.html]
[easybreath.com.ua/_data_image/png;base64,iVBORw0KGgoAAAANSUhEUgAAABAAAAAQCAYAAAAf8/9hAAAAEklEQVQ4jWNgGAWjYBSMAggAAAQQAAF/TXiOAAAAAElFTkSuQmCC_.html]
[easybreath.com.ua/_data_image/png;base64,iVBORw0KGgoAAAANSUhEUgAAABAAAAAMCAYAAABr5z2BAAAAE0lEQVQokWNgGAWjYBQwMDAwAAADDAABQwnasQAAAABJRU5ErkJggg==_.html]
[easybreath.com.ua/_data_image/png;base64,iVBORw0KGgoAAAANSUhEUgAAABAAAAAICAYAAADwdn+XAAAAD0lEQVQokWNgGAWjgIEBAAIIAAHQKWGuAAAAAElFTkSuQmCC_.html]
[easybreath.com.ua/_data_image/png;base64,iVBORw0KGgoAAAANSUhEUgAAABAAAAAHCAYAAAABIM1CAAAADklEQVQYlWNgGAXDAAAAAccAAQ0FKjQAAAAASUVORK5CYII=_.html]
[easybreath.com.ua/_data_image/png;base64,iVBORw0KGgoAAAANSUhEUgAAABAAAAALCAYAAAB24g05AAAAD0lEQVQokWNgGAWjYFgAAALLAAE1F/nlAAAAAElFTkSuQmCC_.html]
[easybreath.com.ua/_data_image/png;base64,iVBORw0KGgoAAAANSUhEUgAAABAAAAANCAYAAACgu+4kAAAAEUlEQVQokWNgGAWjYBRQBQAAA00AAVY21ZYAAAAASUVORK5CYII=_.html]
[easybreath.com.ua/_data_image/png;base64,iVBORw0KGgoAAAANSUhEUgAAABAAAAAKCAYAAAC9vt6cAAAAD0lEQVQokWNgGAWjYDAAAAKKAAH8FhyQAAAAAElFTkSuQmCC_.html]
[easybreath.com.ua/_data_image/png;base64,iVBORw0KGgoAAAANSUhEUgAAABAAAAAPCAYAAADtc08vAAAAEUlEQVQokWNgGAWjYBQMEwAAA88AAbIAVQUAAAAASUVORK5CYII=_.html]
[u0.filesonload.ru/a9d7e97e1a2e580ffaaa5f81619c8ac1/d7c5930616d1d2ab8be6f853cad85133.png]
[s.filesonload.ru/assets/3.3/vendors.js]
[static.xx.fbcdn.net/rsrc.php/v3/y7/l/0,cross/3FBp1JOhRlb.css]
[static.xx.fbcdn.net/rsrc.php/v3/yt/l/0,cross/ugRN94XTHy0.css]
[static.xx.fbcdn.net/rsrc.php/v3/ya/l/0,cross/cfCbHtAWQBE.css]
[static.xx.fbcdn.net/rsrc.php/v3/y5/l/0,cross/MnMLzIOopar.css]
[static.xx.fbcdn.net/rsrc.php/v3/yV/r/dSrrYV_7W7T.js]
[static.xx.fbcdn.net/rsrc.php/v3/yX/r/9Yd8h7aH2kE.js]
[static.xx.fbcdn.net/rsrc.php/v3iBRl4/yE/l/ru_RU/QbYjFmTR_HO.js]
[static.xx.fbcdn.net/rsrc.php/v3/y1/r/ynUcdg5wJ5r.js]
[static.xx.fbcdn.net/rsrc.php/v3/yW/r/oJt5DvEP6em.js]
[www.facebook.com/plugins/post2d12.html]
[static.xx.fbcdn.net/rsrc.php/v3/yo/r/KOLRO1Dxf3_.png]
[www.facebook.com/plugins/N9tY.html]
[www.facebook.com/plugins/jem9.html]
[www.facebook.com/plugins/AByU.html]
[www.facebook.com/plugins/h.html]
[www.facebook.com/plugins/FGn+.html]
[www.facebook.com/plugins/eWb3.html]
[www.facebook.com/plugins/SeaS.html]
[www.facebook.com/plugins/HZ1O.html]
[www.facebook.com/plugins/Co4q.html]
[www.facebook.com/plugins/MsdK.html]
[www.facebook.com/plugins/l.html]
[www.facebook.com/plugins/tFKe.html]
[www.facebook.com/plugins/GOBL.html]
[www.facebook.com/plugins/OXWs.html]
[www.facebook.com/plugins/IToy.html]
[www.facebook.com/plugins/S+p0.html]
[www.facebook.com/plugins/km2J.html]
[www.facebook.com/plugins/tTDY.html]
[www.facebook.com/plugins/3p.html]
[www.facebook.com/plugins/uZ4w.html]
[www.facebook.com/plugins/JSrn.html]
[www.facebook.com/plugins/emU3.html]
[www.facebook.com/plugins/AVPx.html]
[www.facebook.com/plugins/rtKe.html]
[www.facebook.com/plugins/ESpl.html]
[www.facebook.com/plugins/NCyN.html]
[www.facebook.com/plugins/FzCM.html]
[www.facebook.com/plugins/m7E+.html]
[www.facebook.com/plugins/qZW+.html]
[www.facebook.com/plugins/Zw6b.html]
[www.facebook.com/plugins/Oi1B.html]
[www.facebook.com/plugins/LynG.html]
[www.facebook.com/plugins/6M0O.html]
[www.facebook.com/plugins/8gPY.html]
[www.facebook.com/plugins/YTeI.html]
[www.facebook.com/plugins/6+Ee.html]
[www.facebook.com/plugins/kiZs.html]
[www.facebook.com/plugins/BPOI.html]
[www.facebook.com/plugins/eR1h.html]
[www.facebook.com/plugins/post6643.html]
[www.facebook.com/plugins/oQ+4.html]
[www.facebook.com/plugins/postd632.html]
[static.xx.fbcdn.net/rsrc.php/v3/yj/l/0,cross/JdWLjKDMmqv.css]
[static.xx.fbcdn.net/rsrc.php/v3/yR/l/0,cross/yGDnX6O2-QU.css]
[static.xx.fbcdn.net/rsrc.php/v3/yB/l/0,cross/3F3L1SOPsOl.css]
[static.xx.fbcdn.net/rsrc.php/v3ioDL4/yP/l/ru_RU/Cot99YZUcgU.js]
[scontent.fiev15-1.fna.fbcdn.net/v/t1.0-1/p50x50/31961337_189234768372796_204878491299086336_n307f.jpg]
[scontent.fiev15-1.fna.fbcdn.net/v/t1.0-0/s480x480/52020833_2083371605031522_178886461620224000_n9886.png]
[scontent.fiev15-1.fna.fbcdn.net/v/t1.0-1/p100x100/28166831_1620719587963395_1414802537542332727_nd4a1.png]
[www.facebook.com/plugins/post2bdc.html]
[www.facebook.com/plugins/post2f15.html]
[www.facebook.com/plugins/postd1bc.html]
[www.facebook.com/plugins/post85ea.html]
[www.facebook.com/plugins/post8d5a.html]
[www.facebook.com/plugins/postfbbb.html]
[www.facebook.com/plugins/postbd10.html]
[www.facebook.com/plugins/post0acf.html]
[www.facebook.com/plugins/post4460.html]
[www.facebook.com/plugins/post3036.html]
[www.facebook.com/plugins/post4ae2.html]
[www.facebook.com/plugins/postdc2f.html]
[scontent.fiev15-1.fna.fbcdn.net/v/t1.0-1/c128.358.576.576a/s50x50/16388440_120120485169524_2565667369980642943_nf094.jpg]
[scontent.fiev15-1.fna.fbcdn.net/v/t1.0-0/s480x480/35643692_657649937915493_388803134241112064_nf447.jpg]
[scontent.fiev15-1.fna.fbcdn.net/v/t1.0-1/p100x100/35686754_657645144582639_1788751284900200448_nd6cd.jpg]
[www.facebook.com/plugins/post3157.html]
[www.googletagmanager.com/nsc80d.html]
[googleads.g.doubleclick.net/pagead/viewthroughconversion/926995682/indexa96a.html]
[www.facebook.com/plugins/post2d12.html]
[static.xx.fbcdn.net/rsrc.php/v3/yL/r/unHwF9CkMyM.png]
[static.xx.fbcdn.net/rsrc.php/v3/y1/r/D__hj-r-65c.png]
[static.xx.fbcdn.net/rsrc.php/v3/y9/r/zX5ftHNYOr5.png]
[static.xx.fbcdn.net/rsrc.php/v3/y7/l/0,cross/3FBp1JOhRlb.css]
[static.xx.fbcdn.net/rsrc.php/v3/ys/r/B4-pzLJTRP0.png]
[static.xx.fbcdn.net/rsrc.php/v3/yO/r/kjb-FcLGuO4.png]
[static.xx.fbcdn.net/rsrc.php/v3/yH/r/ymaruJl2Pjp.png]
[static.xx.fbcdn.net/rsrc.php/v3/yX/r/Kvo5FesWVKX.png]
[static.xx.fbcdn.net/rsrc.php/v3/yt/l/0,cross/ugRN94XTHy0.css]
[static.xx.fbcdn.net/rsrc.php/v3/yN/r/WgFKRx0VFOG.png]
[static.xx.fbcdn.net/rsrc.php/v3/yH/r/yNvz5xtKREW.png]
[static.xx.fbcdn.net/rsrc.php/v3/yy/r/C_ajUOoDyiv.png]
[static.xx.fbcdn.net/rsrc.php/v3/y-/r/AGUNXgX_Wx3.gif]
[static.xx.fbcdn.net/rsrc.php/v3/yG/r/b53Ajb4ihCP.gif]
[static.xx.fbcdn.net/rsrc.php/v3/ya/l/0,cross/cfCbHtAWQBE.css]
[static.xx.fbcdn.net/rsrc.php/v3/yR/r/teE39sffXW8.png]
[static.xx.fbcdn.net/rsrc.php/v3/yW/r/0oJBVJZDHM7.png]
[static.xx.fbcdn.net/rsrc.php/v3/y9/r/y7MG8IZpiC8.gif]
[static.xx.fbcdn.net/rsrc.php/v3/y5/l/0,cross/MnMLzIOopar.css]
[static.xx.fbcdn.net/rsrc.php/v3/yX/r/9Yd8h7aH2kE.js]
[www.facebook.com/plugins/GET.html]
[www.facebook.com/plugins/^([^_/indexd41d.html]
[www.facebook.com/plugins/ABCDEFGHIJKLMNOPQRSTUVWXYZabcdefghijklmnopqrstuvwxyz0123456789+/index.html]
[static.xx.fbcdn.net/rsrc.php/v3/yV/r/dSrrYV_7W7T.js]
[static.xx.fbcdn.net/rsrc.php/v3iBRl4/yE/l/ru_RU/QbYjFmTR_HO.js]
[static.xx.fbcdn.net/rsrc.php/v3/y1/r/ynUcdg5wJ5r.js]
[static.xx.fbcdn.net/rsrc.php/v3/yW/r/oJt5DvEP6em.js]
[www.facebook.com/plugins/Style.html]
[www.facebook.com/plugins/N9tY.html]
[www.facebook.com/plugins/jem9.html]
[www.facebook.com/plugins/AByU.html]
[www.facebook.com/plugins/h.html]
[www.facebook.com/plugins/FGn+.html]
[www.facebook.com/plugins/eWb3.html]
[www.facebook.com/plugins/SeaS.html]
[www.facebook.com/plugins/HZ1O.html]
[www.facebook.com/plugins/Co4q.html]
[www.facebook.com/plugins/MsdK.html]
[www.facebook.com/plugins/l.html]
[www.facebook.com/plugins/tFKe.html]
[www.facebook.com/plugins/GOBL.html]
[www.facebook.com/plugins/OXWs.html]
[www.facebook.com/plugins/IToy.html]
[www.facebook.com/plugins/S+p0.html]
[www.facebook.com/plugins/km2J.html]
[www.facebook.com/plugins/tTDY.html]
[www.facebook.com/plugins/3p.html]
[www.facebook.com/plugins/uZ4w.html]
[www.facebook.com/plugins/JSrn.html]
[www.facebook.com/plugins/emU3.html]
[www.facebook.com/plugins/AVPx.html]
[www.facebook.com/plugins/rtKe.html]
[www.facebook.com/plugins/ESpl.html]
[www.facebook.com/plugins/NCyN.html]
[www.facebook.com/plugins/FzCM.html]
[www.facebook.com/plugins/m7E+.html]
[www.facebook.com/plugins/qZW+.html]
[www.facebook.com/plugins/Zw6b.html]
[www.facebook.com/plugins/Oi1B.html]
[www.facebook.com/plugins/LynG.html]
[www.facebook.com/plugins/6M0O.html]
[www.facebook.com/plugins/8gPY.html]
[www.facebook.com/plugins/YTeI.html]
[www.facebook.com/plugins/6+Ee.html]
[www.facebook.com/plugins/kiZs.html]
[www.facebook.com/plugins/BPOI.html]
[www.facebook.com/plugins/eR1h.html]
[www.facebook.com/plugins/oQ+4.html]
[www.facebook.com/plugins/channel/index.html]
[www.facebook.com/plugins/postd632.html]
[static.xx.fbcdn.net/rsrc.php/v3/yT/r/1wwVkvyb58s.png]
[static.xx.fbcdn.net/rsrc.php/v3/yj/l/0,cross/JdWLjKDMmqv.css]
[www.facebook.com/plugins/start_bootload/index.html]
[www.facebook.com/plugins/l/index.html]
[static.xx.fbcdn.net/rsrc.php/v3/yk/r/MiXXTBbOQzg.png]
[static.xx.fbcdn.net/rsrc.php/v3/yR/l/0,cross/yGDnX6O2-QU.css]
[static.xx.fbcdn.net/rsrc.php/v3/yB/l/0,cross/3F3L1SOPsOl.css]
[static.xx.fbcdn.net/rsrc.php/v3ioDL4/yP/l/ru_RU/Cot99YZUcgU.js]
[www.facebook.com/plugins/postd1bc.html]
[www.facebook.com/plugins/post8d5a.html]
[www.facebook.com/plugins/postbd10.html]
[www.facebook.com/plugins/post4460.html]
[www.facebook.com/plugins/post4ae2.html]
[www.facebook.com/plugins/postdc2f.html]
[www.facebook.com/plugins/^([^_/indexd41d.html]
[www.facebook.com/plugins/GET.html]
[www.facebook.com/plugins/ABCDEFGHIJKLMNOPQRSTUVWXYZabcdefghijklmnopqrstuvwxyz0123456789+/index.html]
[www.facebook.com/plugins/Style.html]
[www.facebook.com/plugins/start_bootload/index.html]
[www.facebook.com/plugins/l/index.html]
[www.facebook.com/plugins/channel/index.html]
